// Jest Snapshot v1, https://goo.gl/fbAQLP

exports[`<Divider /> Snapshot testing 1`] = `
<div
  className="divider"
/>
`;
